This is XeTeX, Version 3.141592653-2.6-0.999995 (MiKTeX 24.1) (preloaded format=xelatex.fmt)
 restricted \write18 enabled.
entering extended mode
(main.tex
LaTeX2e <2023-11-01> patch level 1
L3 programming layer <2024-01-04>
(C:\Users\Legion\AppData\Local\Programs\MiKTeX\tex/latex/base\report.cls
Document Class: report 2023/05/17 v1.4n Standard LaTeX document class
(C:\Users\Legion\AppData\Local\Programs\MiKTeX\tex/latex/base\size12.clo))
(C:\Users\Legion\AppData\Local\Programs\MiKTeX\tex/latex/geometry\geometry.sty
(C:\Users\Legion\AppData\Local\Programs\MiKTeX\tex/latex/graphics\keyval.sty)
(C:\Users\Legion\AppData\Local\Programs\MiKTeX\tex/generic/iftex\ifvtex.sty
(C:\Users\Legion\AppData\Local\Programs\MiKTeX\tex/generic/iftex\iftex.sty))
(C:\Users\Legion\AppData\Local\Programs\MiKTeX\tex/latex/geometry\geometry.cfg)
)
(C:\Users\Legion\AppData\Local\Programs\MiKTeX\tex/latex/fontspec\fontspec.sty
(C:\Users\Legion\AppData\Local\Programs\MiKTeX\tex/latex/l3packages/xparse\xpar
se.sty
(C:\Users\Legion\AppData\Local\Programs\MiKTeX\tex/latex/l3kernel\expl3.sty
(C:\Users\Legion\AppData\Local\Programs\MiKTeX\tex/latex/l3backend\l3backend-xe
tex.def)))
(C:\Users\Legion\AppData\Local\Programs\MiKTeX\tex/latex/fontspec\fontspec-xete
x.sty (C:\Users\Legion\AppData\Local\Programs\MiKTeX\tex/latex/base\fontenc.sty
)
(C:\Users\Legion\AppData\Local\Programs\MiKTeX\tex/latex/fontspec\fontspec.cfg)
))
(C:\Users\Legion\AppData\Local\Programs\MiKTeX\tex/latex/setspace\setspace.sty)
 (C:\Users\Legion\AppData\Local\Programs\MiKTeX\tex/latex/tools\indentfirst.sty
)
(C:\Users\Legion\AppData\Local\Programs\MiKTeX\tex/latex/titlesec\titlesec.sty)
 (C:\Users\Legion\AppData\Local\Programs\MiKTeX\tex/latex/float\float.sty)
(C:\Users\Legion\AppData\Local\Programs\MiKTeX\tex/latex/graphics\graphicx.sty
(C:\Users\Legion\AppData\Local\Programs\MiKTeX\tex/latex/graphics\graphics.sty
(C:\Users\Legion\AppData\Local\Programs\MiKTeX\tex/latex/graphics\trig.sty)
(C:\Users\Legion\AppData\Local\Programs\MiKTeX\tex/latex/graphics-cfg\graphics.
cfg)
(C:\Users\Legion\AppData\Local\Programs\MiKTeX\tex/latex/graphics-def\xetex.def
)))
(C:\Users\Legion\AppData\Local\Programs\MiKTeX\tex/latex/pgf/frontendlayer\tikz
.sty
(C:\Users\Legion\AppData\Local\Programs\MiKTeX\tex/latex/pgf/basiclayer\pgf.sty

(C:\Users\Legion\AppData\Local\Programs\MiKTeX\tex/latex/pgf/utilities\pgfrcs.s
ty
(C:\Users\Legion\AppData\Local\Programs\MiKTeX\tex/generic/pgf/utilities\pgfuti
l-common.tex)
(C:\Users\Legion\AppData\Local\Programs\MiKTeX\tex/generic/pgf/utilities\pgfuti
l-latex.def)
(C:\Users\Legion\AppData\Local\Programs\MiKTeX\tex/generic/pgf/utilities\pgfrcs
.code.tex
(C:\Users\Legion\AppData\Local\Programs\MiKTeX\tex/generic/pgf\pgf.revision.tex
)))
(C:\Users\Legion\AppData\Local\Programs\MiKTeX\tex/latex/pgf/basiclayer\pgfcore
.sty
(C:\Users\Legion\AppData\Local\Programs\MiKTeX\tex/latex/pgf/systemlayer\pgfsys
.sty
(C:\Users\Legion\AppData\Local\Programs\MiKTeX\tex/generic/pgf/systemlayer\pgfs
ys.code.tex
(C:\Users\Legion\AppData\Local\Programs\MiKTeX\tex/generic/pgf/utilities\pgfkey
s.code.tex
(C:\Users\Legion\AppData\Local\Programs\MiKTeX\tex/generic/pgf/utilities\pgfkey
slibraryfiltered.code.tex))
(C:\Users\Legion\AppData\Local\Programs\MiKTeX\tex/generic/pgf/systemlayer\pgf.
cfg)
(C:\Users\Legion\AppData\Local\Programs\MiKTeX\tex/generic/pgf/systemlayer\pgfs
ys-xetex.def
(C:\Users\Legion\AppData\Local\Programs\MiKTeX\tex/generic/pgf/systemlayer\pgfs
ys-dvipdfmx.def
(C:\Users\Legion\AppData\Local\Programs\MiKTeX\tex/generic/pgf/systemlayer\pgfs
ys-common-pdf.def))))
(C:\Users\Legion\AppData\Local\Programs\MiKTeX\tex/generic/pgf/systemlayer\pgfs
yssoftpath.code.tex)
(C:\Users\Legion\AppData\Local\Programs\MiKTeX\tex/generic/pgf/systemlayer\pgfs
ysprotocol.code.tex))
(C:\Users\Legion\AppData\Local\Programs\MiKTeX\tex/latex/xcolor\xcolor.sty
(C:\Users\Legion\AppData\Local\Programs\MiKTeX\tex/latex/graphics-cfg\color.cfg
)
(C:\Users\Legion\AppData\Local\Programs\MiKTeX\tex/latex/graphics\mathcolor.ltx
))
(C:\Users\Legion\AppData\Local\Programs\MiKTeX\tex/generic/pgf/basiclayer\pgfco
re.code.tex
(C:\Users\Legion\AppData\Local\Programs\MiKTeX\tex/generic/pgf/math\pgfmath.cod
e.tex
(C:\Users\Legion\AppData\Local\Programs\MiKTeX\tex/generic/pgf/math\pgfmathutil
.code.tex)
(C:\Users\Legion\AppData\Local\Programs\MiKTeX\tex/generic/pgf/math\pgfmathpars
er.code.tex)
(C:\Users\Legion\AppData\Local\Programs\MiKTeX\tex/generic/pgf/math\pgfmathfunc
tions.code.tex)
(C:\Users\Legion\AppData\Local\Programs\MiKTeX\tex/generic/pgf/math\pgfmathfunc
tions.basic.code.tex)
(C:\Users\Legion\AppData\Local\Programs\MiKTeX\tex/generic/pgf/math\pgfmathfunc
tions.trigonometric.code.tex)
(C:\Users\Legion\AppData\Local\Programs\MiKTeX\tex/generic/pgf/math\pgfmathfunc
tions.random.code.tex)
(C:\Users\Legion\AppData\Local\Programs\MiKTeX\tex/generic/pgf/math\pgfmathfunc
tions.comparison.code.tex)
(C:\Users\Legion\AppData\Local\Programs\MiKTeX\tex/generic/pgf/math\pgfmathfunc
tions.base.code.tex)
(C:\Users\Legion\AppData\Local\Programs\MiKTeX\tex/generic/pgf/math\pgfmathfunc
tions.round.code.tex)
(C:\Users\Legion\AppData\Local\Programs\MiKTeX\tex/generic/pgf/math\pgfmathfunc
tions.misc.code.tex)
(C:\Users\Legion\AppData\Local\Programs\MiKTeX\tex/generic/pgf/math\pgfmathfunc
tions.integerarithmetics.code.tex)
(C:\Users\Legion\AppData\Local\Programs\MiKTeX\tex/generic/pgf/math\pgfmathcalc
.code.tex)
(C:\Users\Legion\AppData\Local\Programs\MiKTeX\tex/generic/pgf/math\pgfmathfloa
t.code.tex))
(C:\Users\Legion\AppData\Local\Programs\MiKTeX\tex/generic/pgf/math\pgfint.code
.tex)
(C:\Users\Legion\AppData\Local\Programs\MiKTeX\tex/generic/pgf/basiclayer\pgfco
repoints.code.tex)
(C:\Users\Legion\AppData\Local\Programs\MiKTeX\tex/generic/pgf/basiclayer\pgfco
repathconstruct.code.tex)
(C:\Users\Legion\AppData\Local\Programs\MiKTeX\tex/generic/pgf/basiclayer\pgfco
repathusage.code.tex)
(C:\Users\Legion\AppData\Local\Programs\MiKTeX\tex/generic/pgf/basiclayer\pgfco
rescopes.code.tex)
(C:\Users\Legion\AppData\Local\Programs\MiKTeX\tex/generic/pgf/basiclayer\pgfco
regraphicstate.code.tex)
(C:\Users\Legion\AppData\Local\Programs\MiKTeX\tex/generic/pgf/basiclayer\pgfco
retransformations.code.tex)
(C:\Users\Legion\AppData\Local\Programs\MiKTeX\tex/generic/pgf/basiclayer\pgfco
requick.code.tex)
(C:\Users\Legion\AppData\Local\Programs\MiKTeX\tex/generic/pgf/basiclayer\pgfco
reobjects.code.tex)
(C:\Users\Legion\AppData\Local\Programs\MiKTeX\tex/generic/pgf/basiclayer\pgfco
repathprocessing.code.tex)
(C:\Users\Legion\AppData\Local\Programs\MiKTeX\tex/generic/pgf/basiclayer\pgfco
rearrows.code.tex)
(C:\Users\Legion\AppData\Local\Programs\MiKTeX\tex/generic/pgf/basiclayer\pgfco
reshade.code.tex)
(C:\Users\Legion\AppData\Local\Programs\MiKTeX\tex/generic/pgf/basiclayer\pgfco
reimage.code.tex)
(C:\Users\Legion\AppData\Local\Programs\MiKTeX\tex/generic/pgf/basiclayer\pgfco
reexternal.code.tex)
(C:\Users\Legion\AppData\Local\Programs\MiKTeX\tex/generic/pgf/basiclayer\pgfco
relayers.code.tex)
(C:\Users\Legion\AppData\Local\Programs\MiKTeX\tex/generic/pgf/basiclayer\pgfco
retransparency.code.tex)
(C:\Users\Legion\AppData\Local\Programs\MiKTeX\tex/generic/pgf/basiclayer\pgfco
repatterns.code.tex)
(C:\Users\Legion\AppData\Local\Programs\MiKTeX\tex/generic/pgf/basiclayer\pgfco
rerdf.code.tex)))
(C:\Users\Legion\AppData\Local\Programs\MiKTeX\tex/generic/pgf/modules\pgfmodul
eshapes.code.tex)
(C:\Users\Legion\AppData\Local\Programs\MiKTeX\tex/generic/pgf/modules\pgfmodul
eplot.code.tex)
(C:\Users\Legion\AppData\Local\Programs\MiKTeX\tex/latex/pgf/compatibility\pgfc
omp-version-0-65.sty)
(C:\Users\Legion\AppData\Local\Programs\MiKTeX\tex/latex/pgf/compatibility\pgfc
omp-version-1-18.sty))
(C:\Users\Legion\AppData\Local\Programs\MiKTeX\tex/latex/pgf/utilities\pgffor.s
ty
(C:\Users\Legion\AppData\Local\Programs\MiKTeX\tex/latex/pgf/utilities\pgfkeys.
sty
(C:\Users\Legion\AppData\Local\Programs\MiKTeX\tex/generic/pgf/utilities\pgfkey
s.code.tex))
(C:\Users\Legion\AppData\Local\Programs\MiKTeX\tex/latex/pgf/math\pgfmath.sty
(C:\Users\Legion\AppData\Local\Programs\MiKTeX\tex/generic/pgf/math\pgfmath.cod
e.tex))
(C:\Users\Legion\AppData\Local\Programs\MiKTeX\tex/generic/pgf/utilities\pgffor
.code.tex))
(C:\Users\Legion\AppData\Local\Programs\MiKTeX\tex/generic/pgf/frontendlayer/ti
kz\tikz.code.tex
(C:\Users\Legion\AppData\Local\Programs\MiKTeX\tex/generic/pgf/libraries\pgflib
raryplothandlers.code.tex)
(C:\Users\Legion\AppData\Local\Programs\MiKTeX\tex/generic/pgf/modules\pgfmodul
ematrix.code.tex)
(C:\Users\Legion\AppData\Local\Programs\MiKTeX\tex/generic/pgf/frontendlayer/ti
kz/libraries\tikzlibrarytopaths.code.tex)))
(C:\Users\Legion\AppData\Local\Programs\MiKTeX\tex/generic/pgf/frontendlayer/ti
kz/libraries\tikzlibrarypositioning.code.tex)
(C:\Users\Legion\AppData\Local\Programs\MiKTeX\tex/generic/pgf/libraries\pgflib
raryarrows.meta.code.tex)
(C:\Users\Legion\AppData\Local\Programs\MiKTeX\tex/generic/pgf/frontendlayer/ti
kz/libraries\tikzlibraryshapes.multipart.code.tex
(C:\Users\Legion\AppData\Local\Programs\MiKTeX\tex/generic/pgf/libraries/shapes
\pgflibraryshapes.multipart.code.tex))
(C:\Users\Legion\AppData\Local\Programs\MiKTeX\tex/latex/url\url.sty)
(C:\Users\Legion\AppData\Local\Programs\MiKTeX\tex/latex/tools\longtable.sty)
(C:\Users\Legion\AppData\Local\Programs\MiKTeX\tex/latex/tools\array.sty)
(C:\Users\Legion\AppData\Local\Programs\MiKTeX\tex/latex/enumitem\enumitem.sty)
 (C:\Users\Legion\AppData\Local\Programs\MiKTeX\tex/latex/tocloft\tocloft.sty)
(C:\Users\Legion\AppData\Local\Programs\MiKTeX\tex/latex/hyperref\hyperref.sty
(C:\Users\Legion\AppData\Local\Programs\MiKTeX\tex/generic/infwarerr\infwarerr.
sty)
(C:\Users\Legion\AppData\Local\Programs\MiKTeX\tex/latex/kvsetkeys\kvsetkeys.st
y)
(C:\Users\Legion\AppData\Local\Programs\MiKTeX\tex/generic/kvdefinekeys\kvdefin
ekeys.sty)
(C:\Users\Legion\AppData\Local\Programs\MiKTeX\tex/generic/pdfescape\pdfescape.
sty
(C:\Users\Legion\AppData\Local\Programs\MiKTeX\tex/generic/ltxcmds\ltxcmds.sty)

(C:\Users\Legion\AppData\Local\Programs\MiKTeX\tex/generic/pdftexcmds\pdftexcmd
s.sty))
(C:\Users\Legion\AppData\Local\Programs\MiKTeX\tex/latex/hycolor\hycolor.sty)
(C:\Users\Legion\AppData\Local\Programs\MiKTeX\tex/latex/letltxmacro\letltxmacr
o.sty)
(C:\Users\Legion\AppData\Local\Programs\MiKTeX\tex/latex/auxhook\auxhook.sty)
(C:\Users\Legion\AppData\Local\Programs\MiKTeX\tex/latex/hyperref\nameref.sty
(C:\Users\Legion\AppData\Local\Programs\MiKTeX\tex/latex/refcount\refcount.sty)

(C:\Users\Legion\AppData\Local\Programs\MiKTeX\tex/generic/gettitlestring\getti
tlestring.sty
(C:\Users\Legion\AppData\Local\Programs\MiKTeX\tex/latex/kvoptions\kvoptions.st
y)))
(C:\Users\Legion\AppData\Local\Programs\MiKTeX\tex/latex/etoolbox\etoolbox.sty)
(C:\Users\Legion\AppData\Local\Programs\MiKTeX\tex/latex/hyperref\pd1enc.def)
(C:\Users\Legion\AppData\Local\Programs\MiKTeX\tex/generic/intcalc\intcalc.sty)
(C:\Users\Legion\AppData\Local\Programs\MiKTeX\tex/latex/hyperref\puenc.def)
(C:\Users\Legion\AppData\Local\Programs\MiKTeX\tex/generic/bitset\bitset.sty
(C:\Users\Legion\AppData\Local\Programs\MiKTeX\tex/generic/bigintcalc\bigintcal
c.sty))
(C:\Users\Legion\AppData\Local\Programs\MiKTeX\tex/latex/base\atbegshi-ltx.sty)
) (C:\Users\Legion\AppData\Local\Programs\MiKTeX\tex/latex/hyperref\hxetex.def
(C:\Users\Legion\AppData\Local\Programs\MiKTeX\tex/generic/stringenc\stringenc.
sty)
(C:\Users\Legion\AppData\Local\Programs\MiKTeX\tex/latex/rerunfilecheck\rerunfi
lecheck.sty
(C:\Users\Legion\AppData\Local\Programs\MiKTeX\tex/generic/uniquecounter\unique
counter.sty))) (main.aux

LaTeX Warning: Label `fig:architecture' multiply defined.


LaTeX Warning: Label `fig:architecture' multiply defined.


LaTeX Warning: Label `fig:architecture' multiply defined.


LaTeX Warning: Label `fig:architecture' multiply defined.


LaTeX Warning: Label `fig:architecture' multiply defined.


LaTeX Warning: Label `fig:architecture' multiply defined.


LaTeX Warning: Label `fig:architecture' multiply defined.


LaTeX Warning: Label `fig:architecture' multiply defined.


LaTeX Warning: Label `fig:architecture' multiply defined.


LaTeX Warning: Label `fig:architecture' multiply defined.


LaTeX Warning: Label `fig:architecture' multiply defined.


LaTeX Warning: Label `fig:architecture' multiply defined.


LaTeX Warning: Label `fig:architecture' multiply defined.


LaTeX Warning: Label `fig:architecture' multiply defined.


LaTeX Warning: Label `fig:architecture' multiply defined.


LaTeX Warning: Label `fig:architecture' multiply defined.


LaTeX Warning: Label `fig:architecture' multiply defined.


LaTeX Warning: Label `fig:architecture' multiply defined.


LaTeX Warning: Label `fig:architecture' multiply defined.


LaTeX Warning: Label `fig:architecture' multiply defined.


LaTeX Warning: Label `fig:architecture' multiply defined.

) (C:\Users\Legion\AppData\Local\Programs\MiKTeX\tex/latex/base\ts1cmr.fd)
*geometry* driver: auto-detecting
*geometry* detected driver: xetex
(main.out) (main.out) (cover.tex
(C:\Users\Legion\AppData\Local\Programs\MiKTeX\tex/generic/pgf/frontendlayer/ti
kz/libraries\tikzlibrarycalc.code.tex) [1]) (review_teacher.tex
Overfull \hbox (1.25pt too wide) in paragraph at lines 17--32
 [] 

Overfull \hbox (1.25pt too wide) in paragraph at lines 17--32
 [] 

Overfull \hbox (1.25pt too wide) in paragraph at lines 17--32
 [] 

Overfull \hbox (1.25pt too wide) in paragraph at lines 17--32
 [] 

Overfull \hbox (1.25pt too wide) in paragraph at lines 17--32
 [] 

Overfull \hbox (1.25pt too wide) in paragraph at lines 17--32
 [] 

Overfull \hbox (1.25pt too wide) in paragraph at lines 17--32
 [] 

Overfull \hbox (1.25pt too wide) in paragraph at lines 17--32
 [] 

Overfull \hbox (1.25pt too wide) in paragraph at lines 17--32
 [] 

Overfull \hbox (1.25pt too wide) in paragraph at lines 17--32
 [] 

Overfull \hbox (1.25pt too wide) in paragraph at lines 17--32
 [] 

Overfull \hbox (1.25pt too wide) in paragraph at lines 17--32
 [] 

Overfull \hbox (1.25pt too wide) in paragraph at lines 17--32
 [] 

Overfull \hbox (1.25pt too wide) in paragraph at lines 17--32
 [] 

Overfull \hbox (1.25pt too wide) in paragraph at lines 17--32
 [] 

Underfull \hbox (badness 10000) in paragraph at lines 17--32
 
[2]) (review_reviewer.tex
Overfull \hbox (1.25pt too wide) in paragraph at lines 12--27
 [] 

Overfull \hbox (1.25pt too wide) in paragraph at lines 12--27
 [] 

Overfull \hbox (1.25pt too wide) in paragraph at lines 12--27
 [] 

Overfull \hbox (1.25pt too wide) in paragraph at lines 12--27
 [] 

Overfull \hbox (1.25pt too wide) in paragraph at lines 12--27
 [] 

Overfull \hbox (1.25pt too wide) in paragraph at lines 12--27
 [] 

Overfull \hbox (1.25pt too wide) in paragraph at lines 12--27
 [] 

Overfull \hbox (1.25pt too wide) in paragraph at lines 12--27
 [] 

Overfull \hbox (1.25pt too wide) in paragraph at lines 12--27
 [] 

Overfull \hbox (1.25pt too wide) in paragraph at lines 12--27
 [] 

Overfull \hbox (1.25pt too wide) in paragraph at lines 12--27
 [] 

Overfull \hbox (1.25pt too wide) in paragraph at lines 12--27
 [] 

Overfull \hbox (1.25pt too wide) in paragraph at lines 12--27
 [] 

Overfull \hbox (1.25pt too wide) in paragraph at lines 12--27
 [] 

Overfull \hbox (1.25pt too wide) in paragraph at lines 12--27
 [] 

Underfull \hbox (badness 10000) in paragraph at lines 12--27
 
[3]) (thanks.tex [4]) (commitment.tex [5]) (main.toc

LaTeX Font Warning: Font shape `OML/cmm/m/it' in size <13> not available
(Font)              size <12> substituted on input line 1.


LaTeX Font Warning: Font shape `OML/cmm/m/it' in size <6.5> not available
(Font)              size <6> substituted on input line 1.


LaTeX Font Warning: Font shape `OMS/cmsy/m/n' in size <13> not available
(Font)              size <12> substituted on input line 1.


LaTeX Font Warning: Font shape `OMS/cmsy/m/n' in size <6.5> not available
(Font)              size <6> substituted on input line 1.


LaTeX Font Warning: Font shape `OT1/cmr/m/n' in size <13> not available
(Font)              size <12> substituted on input line 1.


LaTeX Font Warning: Font shape `OT1/cmr/m/n' in size <6.5> not available
(Font)              size <6> substituted on input line 1.

[1] [2] [3]) [4] (abbreviations.tex [5]) (main.lof [6]) [7] (main.lot [8])
[9] (intro.tex [1] [2] [3] [4]) (chapters/chapter1.tex [5]
Chapter 1.
[6] [7] [8] [9] [10] [11] [12] [13] [14] [15]) (chapters/chapter2.tex [16]
Chapter 2.
[17] [18] [19] [20] [21] [22]
Overfull \hbox (3.43881pt too wide) in paragraph at lines 272--273
 [][] 
[23] [24] [25] [26] [27] [28] [29] [30] [31] [32] [33] [34] [35] [36] [37]
[38] [39] [40] [41] [42] [43] [44] [45] [46] [47] [48] [49] [50] [51] [52]
[53] [54] [55] [56] [57] [58] [59] [60] [61] [62] [63] [64] [65] [66]) [67]
(chapters/chapter3.tex [68]
Chapter 3.
[69] [70]
Underfull \hbox (badness 1515) in paragraph at lines 102--102
[]|\TU/TimesNewRoman(0)/m/n/12 ─É─âng nhß║¡p/─É─âng
[71]) (conclusion.tex [72]
Chapter 4.
[73]) [74]
Underfull \hbox (badness 10000) in paragraph at lines 232--233
\TU/TimesNewRoman(0)/m/n/13 [Online]. Available: https://www.geeksforgeeks.org/
nlp/siamese-neural-

Underfull \hbox (badness 10000) in paragraph at lines 241--242
\TU/TimesNewRoman(0)/m/n/13 able: https://www.linkedin.com/advice/3/how-can-you
-train-convolutional-
[75] (main.aux)

LaTeX Font Warning: Size substitutions with differences
(Font)              up to 1.0pt have occurred.


LaTeX Warning: There were multiply-defined labels.

 )
(see the transcript file for additional information)
Output written on main.pdf (89 pages).
Transcript written on main.log.
